// Jest Snapshot v1, https://goo.gl/fbAQLP

exports[`matches snapshot 1`] = `
<DocumentFragment>
  <div
    class="pt-5"
  >
    <div
      class="SignupForm"
    >
      <div
        class="container col-md-6 offset-md-3 col-lg-4 offset-lg-4"
      >
        <h2
          class="mb-3"
        >
          Log In
        </h2>
        <div
          class="card"
        >
          <div
            class="card-body"
          >
            <form
              class=""
            >
              <div
                class="mb-3"
              >
                <label
                  class="form-label"
                >
                  Username
                </label>
                <input
                  class="form-control"
                  name="username"
                  type="text"
                />
              </div>
              <div
                class="mb-3"
              >
                <label
                  class="form-label"
                >
                  Password
                </label>
                <input
                  class="form-control"
                  name="password"
                  type="password"
                />
              </div>
              <button
                class="btn btn-primary"
                type="submit"
              >
                Submit
              </button>
            </form>
          </div>
        </div>
      </div>
    </div>
  </div>
</DocumentFragment>
`;
